// Jest Snapshot v1, https://goo.gl/fbAQLP

exports[`CartTotals Renders correctloy 1`] = `ShallowWrapper {}`;
